---
source: crates/paigasus-helikon-providers-bedrock/tests/converse_request.rs
expression: to_wire_json_test(&p)
---
{
  "inferenceConfig": null,
  "messages": [
    {
      "content": [
        {
          "text": "Extract the transaction data."
        }
      ],
      "role": "user"
    }
  ],
  "modelId": "anthropic.claude-3-5-sonnet-20241022-v2:0",
  "synthesizing": true,
  "system": [],
  "toolConfig": {
    "toolChoice": {
      "tool": {
        "name": "__paigasus_structured_output__"
      }
    },
    "tools": [
      {
        "toolSpec": {
          "description": "Return data matching the Transaction schema.",
          "inputSchema": {
            "json": "<Document>"
          },
          "name": "__paigasus_structured_output__"
        }
      }
    ]
  }
}
