---
source: crates/paigasus-helikon-providers-bedrock/tests/schema_rewriter.rs
expression: result
---
{
  "properties": {
    "payload": {
      "properties": {
        "account": {
          "type": "string"
        },
        "amount": {
          "minimum": 0,
          "type": "number"
        },
        "from": {
          "type": "string"
        },
        "to": {
          "type": "string"
        }
      },
      "type": "object"
    },
    "type": {
      "enum": [
        "transfer",
        "deposit",
        "withdrawal"
      ],
      "type": "string"
    }
  },
  "type": "object"
}
